// Jest Snapshot v1, https://goo.gl/fbAQLP

exports[`VSliderGroup.ts should match snapshot in rtl 1`] = `

<div class="v-item-group v-slide-group theme--light">
  <div class="v-slide-group__prepend v-slide-group__prepend--disabled">
    <fade-transition-stub origin="top center 0">
      <vuecomponent-stub disabled="true">
        $vuetify.icons.next
      </vuecomponent-stub>
    </fade-transition-stub>
  </div>
  <div class="v-slide-group__wrapper">
    <div class="v-slide-group__content">
    </div>
  </div>
  <div class="v-slide-group__append">
    <fade-transition-stub origin="top center 0">
      <vuecomponent-stub>
        $vuetify.icons.prev
      </vuecomponent-stub>
    </fade-transition-stub>
  </div>
</div>

`;

exports[`VSliderGroup.ts should match snapshot in rtl 2`] = `

<div class="v-item-group v-slide-group theme--light">
  <div class="v-slide-group__prepend v-slide-group__prepend--disabled">
    <fade-transition-stub origin="top center 0">
      <vuecomponent-stub disabled="true">
        $vuetify.icons.prev
      </vuecomponent-stub>
    </fade-transition-stub>
  </div>
  <div class="v-slide-group__wrapper">
    <div class="v-slide-group__content">
    </div>
  </div>
  <div class="v-slide-group__append">
    <fade-transition-stub origin="top center 0">
      <vuecomponent-stub>
        $vuetify.icons.next
      </vuecomponent-stub>
    </fade-transition-stub>
  </div>
</div>

`;
